ENRIQUE YEGUAS
 
18/4/22  Classroom 3820/4/22  Classroom 14 completed.
21/4/22  Classroom 1421/4/22  Classroom 1421/4/22  Classroom 1421/4/22  Classroom 1421/4/22  Classroom 1421/4/22  Classroom 1421/4/22  Classroom 14 interrupted at page 10
21/4/22  Classroom 14 completed.
21/4/22  Classroom 14 completed.
21/4/22  Classroom 15 completed.
21/4/22  Classroom 15 completed.
22/4/22  Classroom 16 completed.
22/4/22  Classroom 16 completed.
23/4/22  Classroom 17 completed.
23/4/22  Classroom 17 completed.
24/4/22  Classroom 18 completed.
24/4/22  Classroom 18 completed.
25/4/22  Classroom 19 completed.
25/4/22  Classroom 19 completed.
26/4/22  Classroom 20 completed.
26/4/22  Classroom 20 completed.
27/4/22  Classroom 21 interrupted at page 18
27/4/22  Classroom 21 interrupted at page 16
27/4/22  Classroom 21 interrupted at page 17
27/4/22  Classroom 21 completed.
27/4/22  Classroom 21 completed.
28/4/22  Classroom 22 completed.
28/4/22  Classroom 22 completed.
2/5/22  Classroom 23 completed.
2/5/22  Classroom 23 completed.
2/5/22  Classroom 24 completed.
2/5/22  Classroom 24 interrupted at page 15
2/5/22  Classroom 24 interrupted at page 16
2/5/22  Classroom 24 interrupted at page 13
2/5/22  Classroom 24 completed.
2/5/22  Classroom 253/5/22  Classroom 25 interrupted at page 19
3/5/22  Classroom 25 interrupted at page 30
3/5/22  Classroom 258/5/22  Classroom 25 interrupted at page 30
8/5/22  Classroom 25 interrupted at page 3
8/5/22  Classroom 26 completed.
8/5/22  Classroom 26 completed.
9/5/22  Classroom 27 interrupted at page 50
9/5/22  Classroom 27 completed.
9/5/22  Classroom 27 completed.
11/5/22  Classroom 28 completed.
11/5/22  Classroom 28 completed.
12/5/22  Classroom 29 completed.
12/5/22  Classroom 1 interrupted at page 1
12/5/22  Classroom 29 completed.
12/5/22  Classroom 30 completed.
12/5/22  Classroom 30 interrupted at page 11
12/5/22  Classroom 30 completed.
13/5/22  Classroom 31 completed.
13/5/22  Classroom 31 interrupted at page 15
13/5/22  Classroom 31 completed.
14/5/22  Classroom 32 completed.
14/5/22  Classroom 32 interrupted at page 23
14/5/22  Classroom 32 interrupted at page 38
14/5/22  Classroom 32 completed.
15/5/22  Classroom 33 interrupted at page 19
15/5/22  Classroom 33 completed.
15/5/22  Classroom 33 completed.
16/5/22  Classroom 34 completed.
16/5/22  Classroom 3416/5/22  Classroom 34 completed.
17/5/22  Classroom 35 completed.
17/5/22  Classroom 35 interrupted at page 9
17/5/22  Classroom 35 completed.
17/5/22  Classroom 3617/5/22  Classroom 36 completed.
17/5/22  Classroom 36 interrupted at page 26
17/5/22  Classroom 36 interrupted at page 32
17/5/22  Classroom 36 completed.
18/5/22  Classroom 37 completed.
18/5/22  Classroom 37 completed.
18/5/22  Classroom 38 completed.
29/5/22  Classroom 38 interrupted at page 8
29/5/22  Classroom 38 interrupted at page 12
29/5/22  Classroom 38 interrupted at page 7
29/5/22  Classroom 38 interrupted at page 17
29/5/22  Classroom 38 completed.
1/6/22  Classroom 39 completed.
2/6/22  Classroom 39 interrupted at page 16
2/6/22  Classroom 39 completed.
2/6/22  Classroom 40 completed.
2/6/22  Classroom 40 interrupted at page 9
2/6/22  Classroom 40 interrupted at page 21
2/6/22  Classroom 402/6/22  Classroom 402/6/22  Classroom 402/6/22  Classroom 402/6/22  Classroom 40 completed.
28/8/22  Classroom 1 completed.
29/8/22  Classroom 2 interrupted at page 1
29/8/22  Classroom 3 interrupted at page 1
29/8/22  Classroom 4 interrupted at page 1
29/8/22  Classroom 3 interrupted at page 1
4/9/22  Classroom 13 interrupted at page 2
4/9/22  Classroom 13 interrupted at page 1
4/9/22  Classroom 19 interrupted at page 1
4/9/22  Classroom 26 interrupted at page 3
4/9/22  Classroom 26 interrupted at page 3
4/9/22  Classroom 29 interrupted at page 1
4/9/22  Classroom 30 interrupted at page 3
4/9/22  Classroom 4027/2/23  Agency 1 interrupted at page 1
27/2/23  Review 1 - scored 0%
27/2/23  Review 1 - scored 0%
27/2/23  Agency 1 interrupted at page 1
3/6/23  Review 13/6/23  Agency 13/6/23  Agency 13/6/23  Agency 13/6/23  Agency 1 completed.
3/6/23  Agency 2 interrupted at page 1
3/6/23  Agency 2 interrupted at page 1
3/6/23  Agency 13/6/23  Agency 2 completed.
3/6/23  Agency 3 completed.
3/6/23  Agency 4 completed.
3/6/23  Agency 5 completed.
3/6/23  Agency 6 completed.
3/6/23  Agency 7 completed.
3/6/23  Agency 8 completed.
6/6/23  Agency 9 completed.
6/6/23  Agency 10 completed.
7/6/23  Agency 11 completed.
7/6/23  Agency 12 completed.
7/6/23  Agency 13 completed.
7/6/23  Agency 14 completed.
7/6/23  Agency 15 completed.
7/6/23  Agency 16 completed.
7/6/23  Classroom 17 interrupted at page 1
7/6/23  Agency 17 completed.
7/6/23  Classroom 18 interrupted at page 1
7/6/23  Agency 18 completed.
7/6/23  Agency 19 completed.
7/6/23  Agency 20 completed.
7/6/23  Agency 21 completed.
7/6/23  Agency 22 completed.
7/6/23  Agency 23 completed.
7/6/23  Agency 24 completed.
7/6/23  Agency 25 completed.
8/6/23  Agency 26 interrupted at page 16
8/6/23  Agency 27 completed.
8/6/23  Agency 28 completed.
8/6/23  Agency 29 completed.
8/6/23  Agency 30 completed.
8/6/23  Agency 31 completed.
8/6/23  Agency 32 completed.
8/6/23  Agency 33 completed.
8/6/23  Agency 34 completed.
8/6/23  Agency 35 completed.
8/6/23  Agency 36 completed.
8/6/23  Agency 37 completed.
8/6/23  Agency 38 completed.
8/6/23  Classroom 39 interrupted at page 1
8/6/23  Agency 39 completed.
8/6/23  Agency 40 completed.
27/6/23  Review 1 - scored 90%
27/6/23  Review 2 - scored 100%
27/6/23  Review 3 - scored 100%
27/6/23  Review 4 - scored 100%
27/6/23  Review 5 - scored 100%
27/6/23  Review 6 - scored 100%
27/6/23  Review 7 - scored 100%
27/6/23  Review 8 - scored 80%
27/6/23  Review 9 - scored 90%
27/6/23  Review 10 - scored 100%
27/6/23  Review 11 - scored 80%
29/7/23  Review 1 - scored 0%
29/7/23  Review 12 - scored 90%
29/7/23  Review 13 - scored 80%
29/7/23  Review 14 - scored 100%
29/7/23  Review 15 - scored 100%
29/7/23  Review 16 - scored 100%
29/7/23  Review 17 - scored 100%
29/7/23  Review 18 - scored 70%
29/7/23  Review 19 - scored 70%
29/7/23  Review 20 - scored 100%
29/7/23  Review 21 - scored 80%
4/8/23  Review 21 - scored 0%
4/8/23  Review 22 - scored 90%
4/8/23  Review 23 - scored 100%
4/8/23  Review 24 - scored 100%
4/8/23  Review 25 - scored 100%
4/8/23  Review 26 - scored 100%
4/8/23  Review 27 - scored 70%
4/8/23  Review 28 - scored 100%
4/8/23  Review 29 - scored 100%
4/8/23  Review 30 - scored 100%
4/8/23  Review 31 - scored 90%
5/8/23  Review 32 - scored 80%
5/8/23  Review 33 - scored 100%
5/8/23  Review 34 - scored 100%
5/8/23  Review 35 - scored 100%
5/8/23  Review 36 - scored 100%
5/8/23  Review 37 - scored 90%
5/8/23  Review 38 - scored 80%
5/8/23  Review 39 - scored 100%
5/8/23  Review 40 - scored 80%
15/8/23  Agency 1 completed.
15/8/23  Review 1 - scored 0%
15/8/23  Review 1 - scored 0%
16/8/23  Agency 1 interrupted at page 3
16/8/23  Agency 1 interrupted at page 3
13/9/23  Classroom 119/10/23  Review 1519/10/23  Review 1519/10/23  Review 15 - scored 0%
15/11/23  Classroom 28 interrupted at page 1
15/11/23  Review 2815/11/23  Review 2815/11/23  Review 1515/11/23  Review 15 - scored 0%
